> Task :app:preBuild UP-TO-DATE
> Task :app:preDebugBuild UP-TO-DATE
> Task :app:checkDebugAarMetadata UP-TO-DATE
> Task :app:processDebugNavigationResources UP-TO-DATE
> Task :app:compileDebugNavigationResources UP-TO-DATE
> Task :app:generateDebugResValues UP-TO-DATE
> Task :app:processDebugGoogleServices UP-TO-DATE
> Task :app:mapDebugSourceSetPaths UP-TO-DATE
> Task :app:generateDebugResources UP-TO-DATE
> Task :app:mergeDebugResources UP-TO-DATE
> Task :app:packageDebugResources UP-TO-DATE
> Task :app:parseDebugLocalResources UP-TO-DATE
> Task :app:createDebugCompatibleScreenManifests UP-TO-DATE
> Task :app:extractDeepLinksDebug UP-TO-DATE
> Task :app:processDebugMainManifest UP-TO-DATE
> Task :app:processDebugManifest UP-TO-DATE
> Task :app:processDebugManifestForPackage UP-TO-DATE
> Task :app:processDebugResources UP-TO-DATE

> Task :app:compileDebugKotlin
./gradlew : e: file:///C:/Users/OMAR%20PEREZ/.gemini/antigravity/scratch/aparental/app/src/main/kotlin/com/example/pare
ntalcontrol/MainActivity.kt:1560:30 Unexpected tokens (use ';' to separate expressions on the same line)
En línea: 1 Carácter: 65
+ ... tudio\jbr"; ./gradlew :app:compileDebugKotlin > build_output.txt 2>&1 ...
+                 ~~~~~~~~~~~~~~~~~~~~~~~~~~~~~~~~~~~~~~~~~~~~~~~~~~~~~~~~~
    + CategoryInfo          : NotSpecified: (e: file:///C:/U... the same line):String) [], RemoteException
    + FullyQualifiedErrorId : NativeCommandError
 
e: file:///C:/Users/OMAR%20PEREZ/.gemini/antigravity/scratch/aparental/app/src/main/kotlin/com/example/parentalcontrol/
MainActivity.kt:1562:25 Expecting an element
e: file:///C:/Users/OMAR%20PEREZ/.gemini/antigravity/scratch/aparental/app/src/main/kotlin/com/example/parentalcontrol/
MainActivity.kt:3543:2 Expecting '}'
e: file:///C:/Users/OMAR%20PEREZ/.gemini/antigravity/scratch/aparental/app/src/main/kotlin/com/example/parentalcontrol/
MainActivity.kt:3543:2 Missing '}
e: file:///C:/Users/OMAR%20PEREZ/.gemini/antigravity/scratch/aparental/app/src/main/kotlin/com/example/parentalcontrol/
MainActivity.kt:224:17 Unresolved reference: ParentalControlTheme
e: file:///C:/Users/OMAR%20PEREZ/.gemini/antigravity/scratch/aparental/app/src/main/kotlin/com/example/parentalcontrol/
MainActivity.kt:225:21 @Composable invocations can only happen from the context of a @Composable function
e: file:///C:/Users/OMAR%20PEREZ/.gemini/antigravity/scratch/aparental/app/src/main/kotlin/com/example/parentalcontrol/
MainActivity.kt:603:17 Unresolved reference: HelpAssistantFloatingButton
e: file:///C:/Users/OMAR%20PEREZ/.gemini/antigravity/scratch/aparental/app/src/main/kotlin/com/example/parentalcontrol/
MainActivity.kt:663:30 Not enough information to infer type variable T
e: file:///C:/Users/OMAR%20PEREZ/.gemini/antigravity/scratch/aparental/app/src/main/kotlin/com/example/parentalcontrol/
MainActivity.kt:663:30 Property delegate must have a 'getValue(Nothing?, KProperty<*>)' method. None of the following 
functions is suitable: 
public inline operator fun <T> State<???>.getValue(thisObj: Any?, property: KProperty<*>): ??? defined in 
androidx.compose.runtime
e: file:///C:/Users/OMAR%20PEREZ/.gemini/antigravity/scratch/aparental/app/src/main/kotlin/com/example/parentalcontrol/
MainActivity.kt:663:56 Unresolved reference: hasUsageStatsPermission
e: file:///C:/Users/OMAR%20PEREZ/.gemini/antigravity/scratch/aparental/app/src/main/kotlin/com/example/parentalcontrol/
MainActivity.kt:665:32 Not enough information to infer type variable T
e: file:///C:/Users/OMAR%20PEREZ/.gemini/antigravity/scratch/aparental/app/src/main/kotlin/com/example/parentalcontrol/
MainActivity.kt:665:32 Property delegate must have a 'getValue(Nothing?, KProperty<*>)' method. None of the following 
functions is suitable: 
public inline operator fun <T> State<???>.getValue(thisObj: Any?, property: KProperty<*>): ??? defined in 
androidx.compose.runtime
e: file:///C:/Users/OMAR%20PEREZ/.gemini/antigravity/scratch/aparental/app/src/main/kotlin/com/example/parentalcontrol/
MainActivity.kt:665:58 Unresolved reference: isNotificationListenerEnabled
e: file:///C:/Users/OMAR%20PEREZ/.gemini/antigravity/scratch/aparental/app/src/main/kotlin/com/example/parentalcontrol/
MainActivity.kt:702:13 Unresolved reference: PermissionNoticeDialog
e: file:///C:/Users/OMAR%20PEREZ/.gemini/antigravity/scratch/aparental/app/src/main/kotlin/com/example/parentalcontrol/
MainActivity.kt:718:13 Unresolved reference: AdvancedProtectionDialog
e: file:///C:/Users/OMAR%20PEREZ/.gemini/antigravity/scratch/aparental/app/src/main/kotlin/com/example/parentalcontrol/
MainActivity.kt:740:13 Unresolved reference: Level3ProtectionDialog
e: file:///C:/Users/OMAR%20PEREZ/.gemini/antigravity/scratch/aparental/app/src/main/kotlin/com/example/parentalcontrol/
MainActivity.kt:774:13 Unresolved reference: PermissionGuideDialog
e: file:///C:/Users/OMAR%20PEREZ/.gemini/antigravity/scratch/aparental/app/src/main/kotlin/com/example/parentalcontrol/
MainActivity.kt:796:37 Unresolved reference: hasUsageStatsPermission
e: file:///C:/Users/OMAR%20PEREZ/.gemini/antigravity/scratch/aparental/app/src/main/kotlin/com/example/parentalcontrol/
MainActivity.kt:798:39 Unresolved reference: isNotificationListenerEnabled
e: file:///C:/Users/OMAR%20PEREZ/.gemini/antigravity/scratch/aparental/app/src/main/kotlin/com/example/parentalcontrol/
MainActivity.kt:956:21 Unresolved reference: PermissionsManagerDialog
e: file:///C:/Users/OMAR%20PEREZ/.gemini/antigravity/scratch/aparental/app/src/main/kotlin/com/example/parentalcontrol/
MainActivity.kt:964:44 Cannot infer a type for this parameter. Please specify it explicitly.
e: file:///C:/Users/OMAR%20PEREZ/.gemini/antigravity/scratch/aparental/app/src/main/kotlin/com/example/parentalcontrol/
MainActivity.kt:1076:30 Not enough information to infer type variable T
e: file:///C:/Users/OMAR%20PEREZ/.gemini/antigravity/scratch/aparental/app/src/main/kotlin/com/example/parentalcontrol/
MainActivity.kt:1076:30 Property delegate must have a 'getValue(Nothing?, KProperty<*>)' method. None of the following 
functions is suitable: 
public inline operator fun <T> State<???>.getValue(thisObj: Any?, property: KProperty<*>): ??? defined in 
androidx.compose.runtime
e: file:///C:/Users/OMAR%20PEREZ/.gemini/antigravity/scratch/aparental/app/src/main/kotlin/com/example/parentalcontrol/
MainActivity.kt:1076:56 Unresolved reference: hasUsageStatsPermission
e: file:///C:/Users/OMAR%20PEREZ/.gemini/antigravity/scratch/aparental/app/src/main/kotlin/com/example/parentalcontrol/
MainActivity.kt:1081:32 Not enough information to infer type variable T
e: file:///C:/Users/OMAR%20PEREZ/.gemini/antigravity/scratch/aparental/app/src/main/kotlin/com/example/parentalcontrol/
MainActivity.kt:1081:32 Property delegate must have a 'getValue(Nothing?, KProperty<*>)' method. None of the following 
functions is suitable: 
public inline operator fun <T> State<???>.getValue(thisObj: Any?, property: KProperty<*>): ??? defined in 
androidx.compose.runtime
e: file:///C:/Users/OMAR%20PEREZ/.gemini/antigravity/scratch/aparental/app/src/main/kotlin/com/example/parentalcontrol/
MainActivity.kt:1081:58 Unresolved reference: isNotificationListenerEnabled
e: file:///C:/Users/OMAR%20PEREZ/.gemini/antigravity/scratch/aparental/app/src/main/kotlin/com/example/parentalcontrol/
MainActivity.kt:1427:25 Unresolved reference: AppsMenuTab
e: file:///C:/Users/OMAR%20PEREZ/.gemini/antigravity/scratch/aparental/app/src/main/kotlin/com/example/parentalcontrol/
MainActivity.kt:1430:54 Cannot infer a type for this parameter. Please specify it explicitly.
e: file:///C:/Users/OMAR%20PEREZ/.gemini/antigravity/scratch/aparental/app/src/main/kotlin/com/example/parentalcontrol/
MainActivity.kt:1430:63 Cannot infer a type for this parameter. Please specify it explicitly.
e: file:///C:/Users/OMAR%20PEREZ/.gemini/antigravity/scratch/aparental/app/src/main/kotlin/com/example/parentalcontrol/
MainActivity.kt:1440:25 Unresolved reference: LocationTrackerScreen
e: file:///C:/Users/OMAR%20PEREZ/.gemini/antigravity/scratch/aparental/app/src/main/kotlin/com/example/parentalcontrol/
MainActivity.kt:1445:21 Unresolved reference: AppsManagementScreen
e: file:///C:/Users/OMAR%20PEREZ/.gemini/antigravity/scratch/aparental/app/src/main/kotlin/com/example/parentalcontrol/
MainActivity.kt:1454:21 Unresolved reference: DowntimeScreen
e: file:///C:/Users/OMAR%20PEREZ/.gemini/antigravity/scratch/aparental/app/src/main/kotlin/com/example/parentalcontrol/
MainActivity.kt:1556:33 Cannot find a parameter with this name: checkedThumbColor
e: file:///C:/Users/OMAR%20PEREZ/.gemini/antigravity/scratch/aparental/app/src/main/kotlin/com/example/parentalcontrol/
MainActivity.kt:1557:33 Cannot find a parameter with this name: checkedTrackColor
e: file:///C:/Users/OMAR%20PEREZ/.gemini/antigravity/scratch/aparental/app/src/main/kotlin/com/example/parentalcontrol/
MainActivity.kt:1558:33 Cannot find a parameter with this name: uncheckedThumbColor
e: file:///C:/Users/OMAR%20PEREZ/.gemini/antigravity/scratch/aparental/app/src/main/kotlin/com/example/parentalcontrol/
MainActivity.kt:1559:33 Cannot find a parameter with this name: uncheckedTrackColor
e: file:///C:/Users/OMAR%20PEREZ/.gemini/antigravity/scratch/aparental/app/src/main/kotlin/com/example/parentalcontrol/
MainActivity.kt:1561:29 Unresolved reference: modifier
e: file:///C:/Users/OMAR%20PEREZ/.gemini/antigravity/scratch/aparental/app/src/main/kotlin/com/example/parentalcontrol/
MainActivity.kt:1657:64 Unresolved reference: CheckCircle
e: file:///C:/Users/OMAR%20PEREZ/.gemini/antigravity/scratch/aparental/app/src/main/kotlin/com/example/parentalcontrol/
MainActivity.kt:1752:98 Unresolved reference: Adjust
e: file:///C:/Users/OMAR%20PEREZ/.gemini/antigravity/scratch/aparental/app/src/main/kotlin/com/example/parentalcontrol/
MainActivity.kt:1784:13 'fun item(key: Any? = ..., contentType: Any? = ..., content: LazyItemScope.() -> Unit): Unit' 
can't be called in this context by implicit receiver. Use the explicit one if necessary
e: file:///C:/Users/OMAR%20PEREZ/.gemini/antigravity/scratch/aparental/app/src/main/kotlin/com/example/parentalcontrol/
MainActivity.kt:1792:17 'fun item(key: Any? = ..., contentType: Any? = ..., content: LazyItemScope.() -> Unit): Unit' 
can't be called in this context by implicit receiver. Use the explicit one if necessary
e: file:///C:/Users/OMAR%20PEREZ/.gemini/antigravity/scratch/aparental/app/src/main/kotlin/com/example/parentalcontrol/
MainActivity.kt:1794:17 'inline fun <T> LazyListScope.items(items: List<File!>, noinline key: ((item: File!) -> Any)? 
= ..., noinline contentType: (item: File!) -> Any? = ..., crossinline itemContent: LazyItemScope.(item: File!) -> 
Unit): Unit' can't be called in this context by implicit receiver. Use the explicit one if necessary
e: file:///C:/Users/OMAR%20PEREZ/.gemini/antigravity/scratch/aparental/app/src/main/kotlin/com/example/parentalcontrol/
MainActivity.kt:1834:13 'fun item(key: Any? = ..., contentType: Any? = ..., content: LazyItemScope.() -> Unit): Unit' 
can't be called in this context by implicit receiver. Use the explicit one if necessary
e: file:///C:/Users/OMAR%20PEREZ/.gemini/antigravity/scratch/aparental/app/src/main/kotlin/com/example/parentalcontrol/
MainActivity.kt:1839:17 'fun item(key: Any? = ..., contentType: Any? = ..., content: LazyItemScope.() -> Unit): Unit' 
can't be called in this context by implicit receiver. Use the explicit one if necessary
e: file:///C:/Users/OMAR%20PEREZ/.gemini/antigravity/scratch/aparental/app/src/main/kotlin/com/example/parentalcontrol/
MainActivity.kt:1841:17 'fun items(count: Int, key: ((index: Int) -> Any)? = ..., contentType: (index: Int) -> Any? = 
..., itemContent: LazyItemScope.(index: Int) -> Unit): Unit' can't be called in this context by implicit receiver. Use 
the explicit one if necessary
e: file:///C:/Users/OMAR%20PEREZ/.gemini/antigravity/scratch/aparental/app/src/main/kotlin/com/example/parentalcontrol/
MainActivity.kt:1890:21 Unresolved reference: PermissionSwitchRow
e: file:///C:/Users/OMAR%20PEREZ/.gemini/antigravity/scratch/aparental/app/src/main/kotlin/com/example/parentalcontrol/
MainActivity.kt:1898:21 Unresolved reference: PermissionSwitchRow
e: file:///C:/Users/OMAR%20PEREZ/.gemini/antigravity/scratch/aparental/app/src/main/kotlin/com/example/parentalcontrol/
MainActivity.kt:1906:21 Unresolved reference: PermissionSwitchRow
e: file:///C:/Users/OMAR%20PEREZ/.gemini/antigravity/scratch/aparental/app/src/main/kotlin/com/example/parentalcontrol/
MainActivity.kt:1914:21 Unresolved reference: PermissionSwitchRow
e: file:///C:/Users/OMAR%20PEREZ/.gemini/antigravity/scratch/aparental/app/src/main/kotlin/com/example/parentalcontrol/
MainActivity.kt:1988:5 Modifier 'private' is not applicable to 'local function'
e: file:///C:/Users/OMAR%20PEREZ/.gemini/antigravity/scratch/aparental/app/src/main/kotlin/com/example/parentalcontrol/
MainActivity.kt:2001:5 Modifier 'private' is not applicable to 'local function'
e: file:///C:/Users/OMAR%20PEREZ/.gemini/antigravity/scratch/aparental/app/src/main/kotlin/com/example/parentalcontrol/
MainActivity.kt:2007:5 Modifier 'private' is not applicable to 'local function'
e: file:///C:/Users/OMAR%20PEREZ/.gemini/antigravity/scratch/aparental/app/src/main/kotlin/com/example/parentalcontrol/
MainActivity.kt:2201:25 Unresolved reference: PermissionSimpleToggle
e: file:///C:/Users/OMAR%20PEREZ/.gemini/antigravity/scratch/aparental/app/src/main/kotlin/com/example/parentalcontrol/
MainActivity.kt:2201:109 Unresolved reference: it
e: file:///C:/Users/OMAR%20PEREZ/.gemini/antigravity/scratch/aparental/app/src/main/kotlin/com/example/parentalcontrol/
MainActivity.kt:2202:25 Unresolved reference: PermissionSimpleToggle
e: file:///C:/Users/OMAR%20PEREZ/.gemini/antigravity/scratch/aparental/app/src/main/kotlin/com/example/parentalcontrol/
MainActivity.kt:2202:90 Unresolved reference: it
e: file:///C:/Users/OMAR%20PEREZ/.gemini/antigravity/scratch/aparental/app/src/main/kotlin/com/example/parentalcontrol/
MainActivity.kt:2219:25 Unresolved reference: PermissionSimpleToggle
e: file:///C:/Users/OMAR%20PEREZ/.gemini/antigravity/scratch/aparental/app/src/main/kotlin/com/example/parentalcontrol/
MainActivity.kt:2219:107 Unresolved reference: it
e: file:///C:/Users/OMAR%20PEREZ/.gemini/antigravity/scratch/aparental/app/src/main/kotlin/com/example/parentalcontrol/
MainActivity.kt:2278:25 Unresolved reference: GuideStep
e: file:///C:/Users/OMAR%20PEREZ/.gemini/antigravity/scratch/aparental/app/src/main/kotlin/com/example/parentalcontrol/
MainActivity.kt:2279:25 Unresolved reference: GuideStep
e: file:///C:/Users/OMAR%20PEREZ/.gemini/antigravity/scratch/aparental/app/src/main/kotlin/com/example/parentalcontrol/
MainActivity.kt:2336:9 Unresolved reference: HelpAssistantDialog
e: file:///C:/Users/OMAR%20PEREZ/.gemini/antigravity/scratch/aparental/app/src/main/kotlin/com/example/parentalcontrol/
MainActivity.kt:2432:9 Unresolved reference: InstantBlockBottomSheet
e: file:///C:/Users/OMAR%20PEREZ/.gemini/antigravity/scratch/aparental/app/src/main/kotlin/com/example/parentalcontrol/
MainActivity.kt:2434:27 Cannot infer a type for this parameter. Please specify it explicitly.
e: file:///C:/Users/OMAR%20PEREZ/.gemini/antigravity/scratch/aparental/app/src/main/kotlin/com/example/parentalcontrol/
MainActivity.kt:2448:9 Unresolved reference: MenuCategory
e: file:///C:/Users/OMAR%20PEREZ/.gemini/antigravity/scratch/aparental/app/src/main/kotlin/com/example/parentalcontrol/
MainActivity.kt:2449:13 Unresolved reference: MenuListItem
e: file:///C:/Users/OMAR%20PEREZ/.gemini/antigravity/scratch/aparental/app/src/main/kotlin/com/example/parentalcontrol/
MainActivity.kt:2453:21 @Composable invocations can only happen from the context of a @Composable function
e: file:///C:/Users/OMAR%20PEREZ/.gemini/antigravity/scratch/aparental/app/src/main/kotlin/com/example/parentalcontrol/
MainActivity.kt:2466:13 Unresolved reference: MenuListItem
e: file:///C:/Users/OMAR%20PEREZ/.gemini/antigravity/scratch/aparental/app/src/main/kotlin/com/example/parentalcontrol/
MainActivity.kt:2471:13 Unresolved reference: MenuListItem
e: file:///C:/Users/OMAR%20PEREZ/.gemini/antigravity/scratch/aparental/app/src/main/kotlin/com/example/parentalcontrol/
MainActivity.kt:2475:9 Unresolved reference: MenuCategory
e: file:///C:/Users/OMAR%20PEREZ/.gemini/antigravity/scratch/aparental/app/src/main/kotlin/com/example/parentalcontrol/
MainActivity.kt:2476:13 Unresolved reference: MenuListItem
e: file:///C:/Users/OMAR%20PEREZ/.gemini/antigravity/scratch/aparental/app/src/main/kotlin/com/example/parentalcontrol/
MainActivity.kt:2481:13 Unresolved reference: MenuListItem
e: file:///C:/Users/OMAR%20PEREZ/.gemini/antigravity/scratch/aparental/app/src/main/kotlin/com/example/parentalcontrol/
MainActivity.kt:2482:13 Unresolved reference: MenuListItem
e: file:///C:/Users/OMAR%20PEREZ/.gemini/antigravity/scratch/aparental/app/src/main/kotlin/com/example/parentalcontrol/
MainActivity.kt:2483:13 Unresolved reference: MenuListItem
e: file:///C:/Users/OMAR%20PEREZ/.gemini/antigravity/scratch/aparental/app/src/main/kotlin/com/example/parentalcontrol/
MainActivity.kt:2487:9 Unresolved reference: MenuCategory
e: file:///C:/Users/OMAR%20PEREZ/.gemini/antigravity/scratch/aparental/app/src/main/kotlin/com/example/parentalcontrol/
MainActivity.kt:2488:13 Unresolved reference: MenuListItem
e: file:///C:/Users/OMAR%20PEREZ/.gemini/antigravity/scratch/aparental/app/src/main/kotlin/com/example/parentalcontrol/
MainActivity.kt:2489:13 Unresolved reference: MenuListItem
e: file:///C:/Users/OMAR%20PEREZ/.gemini/antigravity/scratch/aparental/app/src/main/kotlin/com/example/parentalcontrol/
MainActivity.kt:2689:25 Not enough information to infer type variable T
e: file:///C:/Users/OMAR%20PEREZ/.gemini/antigravity/scratch/aparental/app/src/main/kotlin/com/example/parentalcontrol/
MainActivity.kt:2689:25 Property delegate must have a 'getValue(Nothing?, KProperty<*>)' method. None of the following 
functions is suitable: 
public inline operator fun <T> State<???>.getValue(thisObj: Any?, property: KProperty<*>): ??? defined in 
androidx.compose.runtime
e: file:///C:/Users/OMAR%20PEREZ/.gemini/antigravity/scratch/aparental/app/src/main/kotlin/com/example/parentalcontrol/
MainActivity.kt:2689:51 Unresolved reference: AppsManagementSelectionType
e: file:///C:/Users/OMAR%20PEREZ/.gemini/antigravity/scratch/aparental/app/src/main/kotlin/com/example/parentalcontrol/
MainActivity.kt:2707:9 Unresolved reference: AppSelectionDialog
e: file:///C:/Users/OMAR%20PEREZ/.gemini/antigravity/scratch/aparental/app/src/main/kotlin/com/example/parentalcontrol/
MainActivity.kt:2710:27 Cannot infer a type for this parameter. Please specify it explicitly.
e: file:///C:/Users/OMAR%20PEREZ/.gemini/antigravity/scratch/aparental/app/src/main/kotlin/com/example/parentalcontrol/
MainActivity.kt:2713:37 Unresolved reference: AppsManagementSelectionType
e: file:///C:/Users/OMAR%20PEREZ/.gemini/antigravity/scratch/aparental/app/src/main/kotlin/com/example/parentalcontrol/
MainActivity.kt:2718:30 Overload resolution ambiguity: 
public inline fun <T> Iterable<TypeVariable(T)>.forEach(action: (TypeVariable(T)) -> Unit): Unit defined in 
kotlin.collections
public inline fun <K, V> Map<out TypeVariable(K), TypeVariable(V)>.forEach(action: (Map.Entry<TypeVariable(K), 
TypeVariable(V)>) -> Unit): Unit defined in kotlin.collections
e: file:///C:/Users/OMAR%20PEREZ/.gemini/antigravity/scratch/aparental/app/src/main/kotlin/com/example/parentalcontrol/
MainActivity.kt:2718:40 Cannot infer a type for this parameter. Please specify it explicitly.
e: file:///C:/Users/OMAR%20PEREZ/.gemini/antigravity/scratch/aparental/app/src/main/kotlin/com/example/parentalcontrol/
MainActivity.kt:2721:29 Unresolved reference: AppsManagementSelectionType
e: file:///C:/Users/OMAR%20PEREZ/.gemini/antigravity/scratch/aparental/app/src/main/kotlin/com/example/parentalcontrol/
MainActivity.kt:2722:29 Unresolved reference: AppsManagementSelectionType
e: file:///C:/Users/OMAR%20PEREZ/.gemini/antigravity/scratch/aparental/app/src/main/kotlin/com/example/parentalcontrol/
MainActivity.kt:2735:9 Unresolved reference: DurationSelectionDialog
e: file:///C:/Users/OMAR%20PEREZ/.gemini/antigravity/scratch/aparental/app/src/main/kotlin/com/example/parentalcontrol/
MainActivity.kt:2737:27 Cannot infer a type for this parameter. Please specify it explicitly.
e: file:///C:/Users/OMAR%20PEREZ/.gemini/antigravity/scratch/aparental/app/src/main/kotlin/com/example/parentalcontrol/
MainActivity.kt:2840:21 Unresolved reference: ManagementSection
e: file:///C:/Users/OMAR%20PEREZ/.gemini/antigravity/scratch/aparental/app/src/main/kotlin/com/example/parentalcontrol/
MainActivity.kt:2844:44 Unresolved reference: AppsManagementSelectionType
e: file:///C:/Users/OMAR%20PEREZ/.gemini/antigravity/scratch/aparental/app/src/main/kotlin/com/example/parentalcontrol/
MainActivity.kt:2849:29 Unresolved reference: EmptyStateCard
e: file:///C:/Users/OMAR%20PEREZ/.gemini/antigravity/scratch/aparental/app/src/main/kotlin/com/example/parentalcontrol/
MainActivity.kt:2851:29 @Composable invocations can only happen from the context of a @Composable function
e: file:///C:/Users/OMAR%20PEREZ/.gemini/antigravity/scratch/aparental/app/src/main/kotlin/com/example/parentalcontrol/
MainActivity.kt:2854:37 Unresolved reference: PermittedAppItem
e: file:///C:/Users/OMAR%20PEREZ/.gemini/antigravity/scratch/aparental/app/src/main/kotlin/com/example/parentalcontrol/
MainActivity.kt:2862:21 Unresolved reference: ManagementSection
e: file:///C:/Users/OMAR%20PEREZ/.gemini/antigravity/scratch/aparental/app/src/main/kotlin/com/example/parentalcontrol/
MainActivity.kt:2866:44 Unresolved reference: AppsManagementSelectionType
e: file:///C:/Users/OMAR%20PEREZ/.gemini/antigravity/scratch/aparental/app/src/main/kotlin/com/example/parentalcontrol/
MainActivity.kt:2871:29 Unresolved reference: EmptyStateCard
e: file:///C:/Users/OMAR%20PEREZ/.gemini/antigravity/scratch/aparental/app/src/main/kotlin/com/example/parentalcontrol/
MainActivity.kt:2873:29 @Composable invocations can only happen from the context of a @Composable function
e: file:///C:/Users/OMAR%20PEREZ/.gemini/antigravity/scratch/aparental/app/src/main/kotlin/com/example/parentalcontrol/
MainActivity.kt:2876:37 Unresolved reference: PermittedAppItem
e: file:///C:/Users/OMAR%20PEREZ/.gemini/antigravity/scratch/aparental/app/src/main/kotlin/com/example/parentalcontrol/
MainActivity.kt:2884:21 Unresolved reference: ManagementSection
e: file:///C:/Users/OMAR%20PEREZ/.gemini/antigravity/scratch/aparental/app/src/main/kotlin/com/example/parentalcontrol/
MainActivity.kt:2888:44 Unresolved reference: AppsManagementSelectionType
e: file:///C:/Users/OMAR%20PEREZ/.gemini/antigravity/scratch/aparental/app/src/main/kotlin/com/example/parentalcontrol/
MainActivity.kt:2893:29 Unresolved reference: EmptyStateCard
e: file:///C:/Users/OMAR%20PEREZ/.gemini/antigravity/scratch/aparental/app/src/main/kotlin/com/example/parentalcontrol/
MainActivity.kt:2895:29 @Composable invocations can only happen from the context of a @Composable function
e: file:///C:/Users/OMAR%20PEREZ/.gemini/antigravity/scratch/aparental/app/src/main/kotlin/com/example/parentalcontrol/
MainActivity.kt:2898:37 Unresolved reference: PermittedAppItem
e: file:///C:/Users/OMAR%20PEREZ/.gemini/antigravity/scratch/aparental/app/src/main/kotlin/com/example/parentalcontrol/
MainActivity.kt:3066:25 Unresolved reference: DowntimeItem
e: file:///C:/Users/OMAR%20PEREZ/.gemini/antigravity/scratch/aparental/app/src/main/kotlin/com/example/parentalcontrol/
MainActivity.kt:3071:56 Unresolved reference: it
e: file:///C:/Users/OMAR%20PEREZ/.gemini/antigravity/scratch/aparental/app/src/main/kotlin/com/example/parentalcontrol/
MainActivity.kt:3072:60 Unresolved reference: it
e: file:///C:/Users/OMAR%20PEREZ/.gemini/antigravity/scratch/aparental/app/src/main/kotlin/com/example/parentalcontrol/
MainActivity.kt:3079:25 Unresolved reference: DowntimeItem
e: file:///C:/Users/OMAR%20PEREZ/.gemini/antigravity/scratch/aparental/app/src/main/kotlin/com/example/parentalcontrol/
MainActivity.kt:3084:55 Unresolved reference: it
e: file:///C:/Users/OMAR%20PEREZ/.gemini/antigravity/scratch/aparental/app/src/main/kotlin/com/example/parentalcontrol/
MainActivity.kt:3085:60 Unresolved reference: it
e: file:///C:/Users/OMAR%20PEREZ/.gemini/antigravity/scratch/aparental/app/src/main/kotlin/com/example/parentalcontrol/
MainActivity.kt:3136:1 Modifier 'enum' is not applicable to 'local class'
e: file:///C:/Users/OMAR%20PEREZ/.gemini/antigravity/scratch/aparental/app/src/main/kotlin/com/example/parentalcontrol/
MainActivity.kt:3310:1 Modifier 'enum' is not applicable to 'local class'

> Task :app:compileDebugKotlin FAILED

[Incubating] Problems report is available at: file:///C:/Users/OMAR%20PEREZ/.gemini/antigravity/scratch/aparental/build/reports/problems/problems-report.html

FAILURE: Build failed with an exception.

* What went wrong:
Execution failed for task ':app:compileDebugKotlin'.
> A failure occurred while executing 
org.jetbrains.kotlin.compilerRunner.GradleCompilerRunnerWithWorkers$GradleKotlinCompilerWorkAction
   > Compilation error. See log for more details

* Try:
> Run with --stacktrace option to get the stack trace.
> Run with --info or --debug option to get more log output.
> Run with --scan to get full insights.
> Get more help at https://help.gradle.org.

Deprecated Gradle features were used in this build, making it incompatible with Gradle 9.0.

You can use '--warning-mode all' to show the individual deprecation warnings and determine if they come from your own scripts or plugins.

For more on this, please refer to https://docs.gradle.org/8.13/userguide/command_line_interface.html#sec:command_line_warnings in the Gradle documentation.

BUILD FAILED in 9s
17 actionable tasks: 1 executed, 16 up-to-date
